src/store/savedForLaterStore.ts(51,17): error TS2339: Property 'saveItems' does not exist on type 'SavedForLaterState'.
src/store/savedForLaterStore.ts(58,17): error TS2339: Property 'saveItems' does not exist on type 'SavedForLaterState'.
src/utils/conflictResolution.ts(44,7): error TS2322: Type 'Record<string, any>' is not assignable to type 'T'.
  'T' could be instantiated with an arbitrary type which could be unrelated to 'Record<string, any>'.
src/utils/conflictResolution.ts(44,27): error TS2345: Argument of type 'T' is not assignable to parameter of type 'Record<string, any>'.
supabase/functions/create-payment-intent/index.ts(1,23): error TS2307: Cannot find module 'https://deno.land/std@0.224.0/http/server.ts' or its corresponding type declarations.
supabase/functions/create-payment-intent/index.ts(2,20): error TS2307: Cannot find module 'https://esm.sh/stripe@16?target=deno&no-check' or its corresponding type declarations.
supabase/functions/create-payment-intent/index.ts(4,27): error TS2304: Cannot find name 'Deno'.
supabase/functions/refund-payment/index.ts(1,23): error TS2307: Cannot find module 'https://deno.land/std@0.224.0/http/server.ts' or its corresponding type declarations.
supabase/functions/refund-payment/index.ts(2,20): error TS2307: Cannot find module 'https://esm.sh/stripe@16?target=deno&no-check' or its corresponding type declarations.
supabase/functions/refund-payment/index.ts(3,30): error TS2307: Cannot find module 'https://esm.sh/@supabase/supabase-js@2.43.0' or its corresponding type declarations.
supabase/functions/refund-payment/index.ts(5,27): error TS2304: Cannot find name 'Deno'.
supabase/functions/refund-payment/index.ts(15,14): error TS7006: Parameter 'req' implicitly has an 'any' type.
supabase/functions/refund-payment/index.ts(32,7): error TS2304: Cannot find name 'Deno'.
supabase/functions/refund-payment/index.ts(33,7): error TS2304: Cannot find name 'Deno'.
